[21:18:57] ===== 第 1/12 轮：启动守护进程 =====
[21:18:58] 守护进程就绪
[21:18:58] 运行执政官（40 回合上限）
[21:21:59] 执政官退出，rc=1
[21:22:03] 异常退出，进入恢复流程
[21:22:03] 恢复：目标存档 0_MCP_0175
[21:22:04] 先结束仍在运行的文明 VI
[21:22:17] 已请求启动文明 VI (os.startfile)
[21:23:06] 主菜单就绪（第 7 次探测）
[21:23:06] 读档请求: Loading save 0_MCP_0175 via FrontEnd API; Civ VI will confirm Continue Game through its built-in automation API.
[21:23:32] 恢复结果: 成功
[21:23:37] ===== 第 2/12 轮：启动守护进程 =====
[21:23:38] 守护进程就绪
[21:23:38] 运行执政官（40 回合上限）
[21:26:39] 执政官退出，rc=1
[21:26:44] 异常退出，进入恢复流程
[21:26:44] 恢复：目标存档 0_MCP_0175
[21:26:44] 先结束仍在运行的文明 VI
[21:26:58] 已请求启动文明 VI (os.startfile)
[21:28:37] 主菜单就绪（第 14 次探测）
[21:28:37] 读档请求: Loading save 0_MCP_0175 via FrontEnd API; Civ VI will confirm Continue Game through its built-in automation API.
[21:29:03] 恢复结果: 成功
[21:29:08] ===== 第 3/12 轮：启动守护进程 =====
[21:29:10] 守护进程就绪
[21:29:10] 运行执政官（40 回合上限）
[21:30:33] ===== 第 1/12 轮：启动守护进程 =====
[21:30:41] 守护进程就绪
[21:30:43] 运行执政官（40 回合上限）
[21:35:26] 执政官退出，rc=1
[21:35:30] 异常退出，进入恢复流程
[21:35:30] 恢复：目标存档 0_MCP_0175
[21:35:33] 已请求启动文明 VI (os.startfile)
